<?xml version="1.0" encoding="UTF-8"?>
<playlist xmlns="http://xspf.org/ns/0/" xmlns:vlc="http://www.videolan.org/vlc/playlist/ns/0/" version="1">
	<title>Playlist</title>
	<trackList>
		<track>
			<location>file://data/company.gif</location>
			<title>company.gif</title>
			<duration>17</duration>
			<extension application="http://www.videolan.org/vlc/playlist/0">
				<vlc:id>0</vlc:id>
			</extension>
		</track>
		<track>
			<location>file://data/escape_&apos;&quot;&lt;&gt;_escape</location>
			<title>escape_&apos;&quot;&lt;&gt;_escape</title>
			<duration>11</duration>
			<extension application="http://www.videolan.org/vlc/playlist/0">
				<vlc:id>1</vlc:id>
			</extension>
		</track>
		<track>
			<location>file://data/rl.gif</location>
			<title>rl.gif</title>
			<duration>47</duration>
			<extension application="http://www.videolan.org/vlc/playlist/0">
				<vlc:id>2</vlc:id>
			</extension>
		</track>
		<track>
			<location>file://data/utop_next_word.gif</location>
			<title>utop_next_word.gif</title>
			<duration>11</duration>
			<extension application="http://www.videolan.org/vlc/playlist/0">
				<vlc:id>3</vlc:id>
			</extension>
		</track>
	</trackList>
	<extension application="http://www.videolan.org/vlc/playlist/0">
		<vlc:item tid="0"/>
		<vlc:item tid="1"/>
		<vlc:item tid="2"/>
		<vlc:item tid="3"/>
	</extension>
</playlist>
